// Jest Snapshot v1, https://goo.gl/fbAQLP

exports[`SelectPackage should render correctly 1`] = `
<div
  className="select"
>
  <StateManager
    defaultInputValue=""
    defaultMenuIsOpen={false}
    defaultValue={null}
    onChange={[Function]}
    onInputChange={[Function]}
    options={Array []}
  />
</div>
`;
