// Jest Snapshot v1, https://goo.gl/fbAQLP

exports[`BundlePhobia should render correctly 1`] = `
<div>
  <Container>
    <Switch>
      <Route
        exact={true}
        path="/"
      >
        <Search />
      </Route>
      <Route
        path="/result"
      >
        <Result />
      </Route>
    </Switch>
  </Container>
</div>
`;
